[
    {
        "symbol": "@", 
        "number": "3", 
        "letter": "j"
    }, 
    {
        "symbol": "$", 
        "number": "4", 
        "letter": "m"
    }, 
    {
        "symbol": "%", 
        "number": "7", 
        "letter": "a"
    }
]